sh: locale: not found
2026-09-12 14:12:19.801 UTC [35] WARNING:  no usable system locales were found
initdb: warning: enabling "trust" authentication for local connections
initdb: hint: You can change this by editing pg_hba.conf or using the option -A, or --auth-local and --auth-host, the next time you run initdb.
2026-09-12 14:12:20.252 UTC [1] LOG:  starting PostgreSQL 16.15 on aarch64-unknown-linux-musl, compiled by gcc (Alpine 15.2.0) 15.2.0, 64-bit
2026-09-12 14:12:20.252 UTC [1] LOG:  listening on IPv4 address "0.0.0.0", port 5432
2026-09-12 14:12:20.252 UTC [1] LOG:  listening on IPv6 address "::", port 5432
2026-09-12 14:12:20.253 UTC [1] LOG:  listening on Unix socket "/var/run/postgresql/.s.PGSQL.5432"
2026-09-12 14:12:20.255 UTC [57] LOG:  database system was shut down at 2026-09-12 14:12:20 UTC
2026-09-12 14:12:20.257 UTC [1] LOG:  database system is ready to accept connections
2026-09-12 14:13:13.301 UTC [1] LOG:  received fast shutdown request
2026-09-12 14:13:13.302 UTC [1] LOG:  aborting any active transactions
2026-09-12 14:13:13.302 UTC [427] FATAL:  terminating connection due to administrator command
2026-09-12 14:13:13.302 UTC [87] FATAL:  terminating connection due to administrator command
2026-09-12 14:13:13.302 UTC [88] FATAL:  terminating connection due to administrator command
2026-09-12 14:13:13.302 UTC [86] FATAL:  terminating connection due to administrator command
2026-09-12 14:13:13.302 UTC [85] FATAL:  terminating connection due to administrator command
2026-09-12 14:13:13.302 UTC [84] FATAL:  terminating connection due to administrator command
2026-09-12 14:13:13.303 UTC [83] FATAL:  terminating connection due to administrator command
2026-09-12 14:13:13.303 UTC [82] FATAL:  terminating connection due to administrator command
2026-09-12 14:13:13.303 UTC [63] FATAL:  terminating connection due to administrator command
2026-09-12 14:13:13.305 UTC [1] LOG:  background worker "logical replication launcher" (PID 60) exited with exit code 1
2026-09-12 14:13:13.306 UTC [55] LOG:  shutting down
2026-09-12 14:13:13.308 UTC [55] LOG:  checkpoint starting: shutdown immediate
2026-09-12 14:13:17.653 UTC [1] LOG:  starting PostgreSQL 16.15 on aarch64-unknown-linux-musl, compiled by gcc (Alpine 15.2.0) 15.2.0, 64-bit
2026-09-12 14:13:17.654 UTC [1] LOG:  listening on IPv4 address "0.0.0.0", port 5432
2026-09-12 14:13:17.654 UTC [1] LOG:  listening on IPv6 address "::", port 5432
2026-09-12 14:13:17.655 UTC [1] LOG:  listening on Unix socket "/var/run/postgresql/.s.PGSQL.5432"
2026-09-12 14:13:17.657 UTC [29] LOG:  database system shutdown was interrupted; last known up at 2026-09-12 14:13:13 UTC
2026-09-12 14:13:17.699 UTC [29] LOG:  database system was not properly shut down; automatic recovery in progress
2026-09-12 14:13:17.700 UTC [29] LOG:  redo starts at 0/1925D90
2026-09-12 14:13:17.719 UTC [29] LOG:  invalid record length at 0/1EBF680: expected at least 24, got 0
2026-09-12 14:13:17.719 UTC [29] LOG:  redo done at 0/1EBF658 system usage: CPU: user: 0.01 s, system: 0.00 s, elapsed: 0.01 s
2026-09-12 14:13:17.734 UTC [27] LOG:  checkpoint starting: end-of-recovery immediate wait
2026-09-12 14:13:17.745 UTC [27] LOG:  checkpoint complete: wrote 215 buffers (1.3%); 0 WAL file(s) added, 0 removed, 0 recycled; write=0.004 s, sync=0.007 s, total=0.013 s; sync files=88, longest=0.004 s, average=0.001 s; distance=5734 kB, estimate=5734 kB; lsn=0/1EBF680, redo lsn=0/1EBF680
2026-09-12 14:13:17.746 UTC [1] LOG:  database system is ready to accept connections
