sh: locale: not found
2026-09-12 14:03:22.192 UTC [35] WARNING:  no usable system locales were found
initdb: warning: enabling "trust" authentication for local connections
initdb: hint: You can change this by editing pg_hba.conf or using the option -A, or --auth-local and --auth-host, the next time you run initdb.
2026-09-12 14:03:22.674 UTC [1] LOG:  starting PostgreSQL 16.15 on aarch64-unknown-linux-musl, compiled by gcc (Alpine 15.2.0) 15.2.0, 64-bit
2026-09-12 14:03:22.674 UTC [1] LOG:  listening on IPv4 address "0.0.0.0", port 5432
2026-09-12 14:03:22.674 UTC [1] LOG:  listening on IPv6 address "::", port 5432
2026-09-12 14:03:22.675 UTC [1] LOG:  listening on Unix socket "/var/run/postgresql/.s.PGSQL.5432"
2026-09-12 14:03:22.677 UTC [57] LOG:  database system was shut down at 2026-09-12 14:03:22 UTC
2026-09-12 14:03:22.679 UTC [1] LOG:  database system is ready to accept connections
2026-09-12 14:04:39.451 UTC [1] LOG:  received fast shutdown request
2026-09-12 14:04:39.453 UTC [1] LOG:  aborting any active transactions
2026-09-12 14:04:39.453 UTC [435] FATAL:  terminating connection due to administrator command
2026-09-12 14:04:39.453 UTC [84] FATAL:  terminating connection due to administrator command
2026-09-12 14:04:39.453 UTC [86] FATAL:  terminating connection due to administrator command
2026-09-12 14:04:39.453 UTC [87] FATAL:  terminating connection due to administrator command
2026-09-12 14:04:39.453 UTC [85] FATAL:  terminating connection due to administrator command
2026-09-12 14:04:39.453 UTC [88] FATAL:  terminating connection due to administrator command
2026-09-12 14:04:39.453 UTC [82] FATAL:  terminating connection due to administrator command
2026-09-12 14:04:39.453 UTC [83] FATAL:  terminating connection due to administrator command
2026-09-12 14:04:39.454 UTC [63] FATAL:  terminating connection due to administrator command
2026-09-12 14:04:39.457 UTC [1] LOG:  background worker "logical replication launcher" (PID 60) exited with exit code 1
2026-09-12 14:04:39.457 UTC [55] LOG:  shutting down
2026-09-12 14:04:39.458 UTC [55] LOG:  checkpoint starting: shutdown immediate
2026-09-12 14:04:43.819 UTC [1] LOG:  starting PostgreSQL 16.15 on aarch64-unknown-linux-musl, compiled by gcc (Alpine 15.2.0) 15.2.0, 64-bit
2026-09-12 14:04:43.819 UTC [1] LOG:  listening on IPv4 address "0.0.0.0", port 5432
2026-09-12 14:04:43.819 UTC [1] LOG:  listening on IPv6 address "::", port 5432
2026-09-12 14:04:43.821 UTC [1] LOG:  listening on Unix socket "/var/run/postgresql/.s.PGSQL.5432"
2026-09-12 14:04:43.823 UTC [29] LOG:  database system shutdown was interrupted; last known up at 2026-09-12 14:04:39 UTC
2026-09-12 14:04:43.869 UTC [29] LOG:  database system was not properly shut down; automatic recovery in progress
2026-09-12 14:04:43.871 UTC [29] LOG:  redo starts at 0/1925D90
2026-09-12 14:04:44.033 UTC [29] LOG:  invalid record length at 0/49E6918: expected at least 24, got 0
2026-09-12 14:04:44.033 UTC [29] LOG:  redo done at 0/49E68F0 system usage: CPU: user: 0.14 s, system: 0.01 s, elapsed: 0.16 s
2026-09-12 14:04:44.035 UTC [27] LOG:  checkpoint starting: end-of-recovery immediate wait
2026-09-12 14:04:44.046 UTC [27] LOG:  checkpoint complete: wrote 360 buffers (2.2%); 0 WAL file(s) added, 0 removed, 3 recycled; write=0.004 s, sync=0.005 s, total=0.012 s; sync files=88, longest=0.003 s, average=0.001 s; distance=49923 kB, estimate=49923 kB; lsn=0/49E6918, redo lsn=0/49E6918
2026-09-12 14:04:44.048 UTC [1] LOG:  database system is ready to accept connections
