{"workers": 1, "submitters": 32, "repeat": 1, "logical_tasks": 192, "sampling_errors": [], "peak_sampled_db_connections": 24, "peak_sampled_lock_waiters": 0, "elapsed_seconds": 30.525, "throughput_tasks_per_second": 6.29, "submission_ms": {"n": 384, "p50": 131.233, "p95": 221.4, "max": 256.683}, "queue_ms": {"n": 192, "p50": 15251.95, "p95": 28254.221, "max": 29617.824}, "end_to_end_ms": {"n": 192, "p50": 15390.672, "p95": 28392.422, "max": 29744.528}, "run_ms": {"n": 192, "p50": 134.813, "p95": 141.233, "max": 179.375}, "claim_ms": {"n": 192, "p50": 17.731, "p95": 20.874, "max": 27.697}, "worker_connect_ms": {"n": 578, "p50": 9.679, "p95": 13.106, "max": 20.663}, "duplicate_executions": 0, "simultaneous_duplicates": 0, "attempts": 192, "failures": 0, "admission_failures": 0, "created": 192, "deduplicated": 192}
{"workers": 2, "submitters": 32, "repeat": 1, "logical_tasks": 192, "sampling_errors": [], "peak_sampled_db_connections": 22, "peak_sampled_lock_waiters": 0, "elapsed_seconds": 15.483, "throughput_tasks_per_second": 12.401, "submission_ms": {"n": 384, "p50": 143.015, "p95": 246.863, "max": 326.924}, "queue_ms": {"n": 192, "p50": 7774.664, "p95": 13968.989, "max": 14554.684}, "end_to_end_ms": {"n": 192, "p50": 7913.663, "p95": 14107.465, "max": 14685.978}, "run_ms": {"n": 192, "p50": 132.772, "p95": 139.156, "max": 212.306}, "claim_ms": {"n": 192, "p50": 16.396, "p95": 18.722, "max": 25.84}, "worker_connect_ms": {"n": 580, "p50": 8.788, "p95": 12.098, "max": 72.355}, "duplicate_executions": 0, "simultaneous_duplicates": 0, "attempts": 192, "failures": 0, "admission_failures": 0, "created": 192, "deduplicated": 192}
{"workers": 4, "submitters": 32, "repeat": 1, "logical_tasks": 192, "sampling_errors": [], "peak_sampled_db_connections": 28, "peak_sampled_lock_waiters": 0, "elapsed_seconds": 8.205, "throughput_tasks_per_second": 23.401, "submission_ms": {"n": 384, "p50": 140.314, "p95": 254.705, "max": 279.11}, "queue_ms": {"n": 192, "p50": 4159.987, "p95": 7081.319, "max": 7337.376}, "end_to_end_ms": {"n": 192, "p50": 4294.786, "p95": 7212.102, "max": 7466.94}, "run_ms": {"n": 192, "p50": 127.978, "p95": 168.219, "max": 224.004}, "claim_ms": {"n": 192, "p50": 14.492, "p95": 44.088, "max": 69.146}, "worker_connect_ms": {"n": 584, "p50": 7.671, "p95": 15.434, "max": 52.104}, "duplicate_executions": 0, "simultaneous_duplicates": 0, "attempts": 192, "failures": 0, "admission_failures": 0, "created": 192, "deduplicated": 192}
{"workers": 8, "submitters": 32, "repeat": 1, "logical_tasks": 192, "sampling_errors": [], "peak_sampled_db_connections": 29, "peak_sampled_lock_waiters": 0, "elapsed_seconds": 4.63, "throughput_tasks_per_second": 41.469, "submission_ms": {"n": 384, "p50": 149.968, "p95": 214.255, "max": 266.344}, "queue_ms": {"n": 192, "p50": 2384.203, "p95": 3523.198, "max": 3708.298}, "end_to_end_ms": {"n": 192, "p50": 2511.941, "p95": 3654.785, "max": 3841.055}, "run_ms": {"n": 192, "p50": 121.994, "p95": 166.474, "max": 197.936}, "claim_ms": {"n": 192, "p50": 11.729, "p95": 34.093, "max": 86.836}, "worker_connect_ms": {"n": 592, "p50": 5.818, "p95": 15.107, "max": 52.558}, "duplicate_executions": 0, "simultaneous_duplicates": 0, "attempts": 192, "failures": 0, "admission_failures": 0, "created": 192, "deduplicated": 192}
{"workers": 16, "submitters": 32, "repeat": 1, "logical_tasks": 192, "sampling_errors": [], "peak_sampled_db_connections": 29, "peak_sampled_lock_waiters": 0, "elapsed_seconds": 3.07, "throughput_tasks_per_second": 62.548, "submission_ms": {"n": 384, "p50": 127.369, "p95": 219.553, "max": 271.485}, "queue_ms": {"n": 192, "p50": 1734.238, "p95": 2243.362, "max": 2303.148}, "end_to_end_ms": {"n": 192, "p50": 1862.815, "p95": 2362.627, "max": 2433.514}, "run_ms": {"n": 192, "p50": 127.308, "p95": 206.336, "max": 240.875}, "claim_ms": {"n": 192, "p50": 17.103, "p95": 82.291, "max": 124.959}, "worker_connect_ms": {"n": 608, "p50": 7.349, "p95": 32.176, "max": 54.073}, "duplicate_executions": 0, "simultaneous_duplicates": 0, "attempts": 192, "failures": 0, "admission_failures": 0, "created": 192, "deduplicated": 192}
{"workers": 32, "submitters": 32, "repeat": 1, "logical_tasks": 192, "sampling_errors": [], "peak_sampled_db_connections": 40, "peak_sampled_lock_waiters": 1, "elapsed_seconds": 1.908, "throughput_tasks_per_second": 100.618, "submission_ms": {"n": 384, "p50": 124.133, "p95": 252.142, "max": 297.152}, "queue_ms": {"n": 192, "p50": 513.636, "p95": 1069.452, "max": 1081.113}, "end_to_end_ms": {"n": 192, "p50": 723.629, "p95": 1216.036, "max": 1224.646}, "run_ms": {"n": 192, "p50": 197.03, "p95": 241.86, "max": 276.898}, "claim_ms": {"n": 192, "p50": 59.451, "p95": 179.129, "max": 188.712}, "worker_connect_ms": {"n": 614, "p50": 22.192, "p95": 63.077, "max": 169.401}, "duplicate_executions": 0, "simultaneous_duplicates": 0, "attempts": 192, "failures": 0, "admission_failures": 0, "created": 192, "deduplicated": 192}
{"workers": 16, "submitters": 8, "repeat": 1, "logical_tasks": 192, "sampling_errors": [], "peak_sampled_db_connections": 8, "peak_sampled_lock_waiters": 0, "elapsed_seconds": 2.895, "throughput_tasks_per_second": 66.325, "submission_ms": {"n": 384, "p50": 25.192, "p95": 38.17, "max": 60.067}, "queue_ms": {"n": 192, "p50": 1643.651, "p95": 2328.373, "max": 2347.82}, "end_to_end_ms": {"n": 192, "p50": 1772.983, "p95": 2453.252, "max": 2480.331}, "run_ms": {"n": 192, "p50": 129.647, "p95": 143.226, "max": 150.738}, "claim_ms": {"n": 192, "p50": 18.902, "p95": 29.979, "max": 34.739}, "worker_connect_ms": {"n": 608, "p50": 7.981, "p95": 13.19, "max": 39.231}, "duplicate_executions": 0, "simultaneous_duplicates": 0, "attempts": 192, "failures": 0, "admission_failures": 0, "created": 192, "deduplicated": 192}
{"workers": 16, "submitters": 64, "repeat": 1, "logical_tasks": 192, "sampling_errors": [], "peak_sampled_db_connections": 44, "peak_sampled_lock_waiters": 0, "elapsed_seconds": 3.166, "throughput_tasks_per_second": 60.636, "submission_ms": {"n": 384, "p50": 241.24, "p95": 418.58, "max": 471.169}, "queue_ms": {"n": 192, "p50": 1727.86, "p95": 2382.826, "max": 2391.783}, "end_to_end_ms": {"n": 192, "p50": 1866.438, "p95": 2511.676, "max": 2519.571}, "run_ms": {"n": 192, "p50": 135.011, "p95": 215.032, "max": 236.928}, "claim_ms": {"n": 192, "p50": 22.557, "p95": 74.352, "max": 82.688}, "worker_connect_ms": {"n": 608, "p50": 9.547, "p95": 33.223, "max": 51.438}, "duplicate_executions": 0, "simultaneous_duplicates": 0, "attempts": 192, "failures": 0, "admission_failures": 0, "created": 192, "deduplicated": 192}
Traceback (most recent call last):
  File "/Users/zhangxiangyun/Downloads/The_DTU_Years/2/repopilot/scripts/service-stress.py", line 408, in <module>
    main()
    ~~~~^^
  File "/Users/zhangxiangyun/Downloads/The_DTU_Years/2/repopilot/scripts/service-stress.py", line 384, in main
    report['scaling'].append(experiment.scaling(workers,submitters,repeat,args.tasks))
                             ~~~~~~~~~~~~~~~~~~^^^^^^^^^^^^^^^^^^^^^^^^^^^^^^^^^^^^^^
  File "/Users/zhangxiangyun/Downloads/The_DTU_Years/2/repopilot/scripts/service-stress.py", line 199, in scaling
    wait(lambda: self.counts()['terminal'] == n, 120)
    ~~~~^^^^^^^^^^^^^^^^^^^^^^^^^^^^^^^^^^^^^^^^^^^^^
  File "/Users/zhangxiangyun/Downloads/The_DTU_Years/2/repopilot/scripts/service-stress.py", line 35, in wait
    value = predicate()
  File "/Users/zhangxiangyun/Downloads/The_DTU_Years/2/repopilot/scripts/service-stress.py", line 199, in <lambda>
    wait(lambda: self.counts()['terminal'] == n, 120)
                 ~~~~~~~~~~~^^
  File "/Users/zhangxiangyun/Downloads/The_DTU_Years/2/repopilot/scripts/service-stress.py", line 168, in counts
    with self.store.connect() as db:
         ~~~~~~~~~~~~~~~~~~^^
  File "/Users/zhangxiangyun/Downloads/The_DTU_Years/2/repopilot/src/repopilot/service/store.py", line 46, in connect
    return psycopg.connect(self.settings.database_url, row_factory=dict_row,
           ~~~~~~~~~~~~~~~^^^^^^^^^^^^^^^^^^^^^^^^^^^^^^^^^^^^^^^^^^^^^^^^^^
                           connect_timeout=3, options="-c statement_timeout=5000 -c lock_timeout=3000")
                           ^^^^^^^^^^^^^^^^^^^^^^^^^^^^^^^^^^^^^^^^^^^^^^^^^^^^^^^^^^^^^^^^^^^^^^^^^^^^
  File "/Users/zhangxiangyun/Downloads/The_DTU_Years/2/repopilot/.venv/lib/python3.13/site-packages/psycopg/connection.py", line 122, in connect
    raise last_ex.with_traceback(None)
psycopg.OperationalError: connection failed: connection to server at "127.0.0.1", port 65249 failed: server closed the connection unexpectedly
	This probably means the server terminated abnormally
	before or while processing the request.
