sh: locale: not found
2026-09-12 13:14:49.657 UTC [35] WARNING:  no usable system locales were found
initdb: warning: enabling "trust" authentication for local connections
initdb: hint: You can change this by editing pg_hba.conf or using the option -A, or --auth-local and --auth-host, the next time you run initdb.
2026-09-12 13:14:50.105 UTC [1] LOG:  starting PostgreSQL 16.15 on aarch64-unknown-linux-musl, compiled by gcc (Alpine 15.2.0) 15.2.0, 64-bit
2026-09-12 13:14:50.105 UTC [1] LOG:  listening on IPv4 address "0.0.0.0", port 5432
2026-09-12 13:14:50.105 UTC [1] LOG:  listening on IPv6 address "::", port 5432
2026-09-12 13:14:50.106 UTC [1] LOG:  listening on Unix socket "/var/run/postgresql/.s.PGSQL.5432"
2026-09-12 13:14:50.108 UTC [57] LOG:  database system was shut down at 2026-09-12 13:14:50 UTC
2026-09-12 13:14:50.110 UTC [1] LOG:  database system is ready to accept connections
2026-09-12 13:15:01.333 UTC [1] LOG:  received fast shutdown request
2026-09-12 13:15:01.334 UTC [1] LOG:  aborting any active transactions
2026-09-12 13:15:01.336 UTC [1] LOG:  background worker "logical replication launcher" (PID 60) exited with exit code 1
2026-09-12 13:15:01.336 UTC [55] LOG:  shutting down
2026-09-12 13:15:01.337 UTC [55] LOG:  checkpoint starting: shutdown immediate
2026-09-12 13:15:05.701 UTC [1] LOG:  starting PostgreSQL 16.15 on aarch64-unknown-linux-musl, compiled by gcc (Alpine 15.2.0) 15.2.0, 64-bit
2026-09-12 13:15:05.701 UTC [1] LOG:  listening on IPv4 address "0.0.0.0", port 5432
2026-09-12 13:15:05.701 UTC [1] LOG:  listening on IPv6 address "::", port 5432
2026-09-12 13:15:05.702 UTC [1] LOG:  listening on Unix socket "/var/run/postgresql/.s.PGSQL.5432"
2026-09-12 13:15:05.705 UTC [29] LOG:  database system shutdown was interrupted; last known up at 2026-09-12 13:15:01 UTC
2026-09-12 13:15:05.727 UTC [30] FATAL:  the database system is starting up
2026-09-12 13:15:05.742 UTC [29] LOG:  database system was not properly shut down; automatic recovery in progress
2026-09-12 13:15:05.743 UTC [29] LOG:  redo starts at 0/1925D90
2026-09-12 13:15:05.745 UTC [29] LOG:  invalid record length at 0/197E820: expected at least 24, got 0
2026-09-12 13:15:05.745 UTC [29] LOG:  redo done at 0/197E7F8 system usage: CPU: user: 0.00 s, system: 0.00 s, elapsed: 0.00 s
2026-09-12 13:15:05.746 UTC [27] LOG:  checkpoint starting: end-of-recovery immediate wait
2026-09-12 13:15:05.752 UTC [31] FATAL:  the database system is not yet accepting connections
2026-09-12 13:15:05.752 UTC [31] DETAIL:  Consistent recovery state has not been yet reached.
2026-09-12 13:15:05.754 UTC [27] LOG:  checkpoint complete: wrote 91 buffers (0.6%); 0 WAL file(s) added, 0 removed, 0 recycled; write=0.003 s, sync=0.004 s, total=0.008 s; sync files=56, longest=0.003 s, average=0.001 s; distance=354 kB, estimate=354 kB; lsn=0/197E820, redo lsn=0/197E820
2026-09-12 13:15:05.755 UTC [1] LOG:  database system is ready to accept connections
